kumardotaman@kumardotaman-Latitude-E6430:~/edureka-GIT$ ls
edureka-files  example.txt  sample1.txt  sample3.txt  sample.txt
kumardotaman@kumardotaman-Latitude-E6430:~/edureka-GIT$ git branch -a
  b1
* master
kumardotaman@kumardotaman-Latitude-E6430:~/edureka-GIT$ git branch -D b1
Deleted branch b1 (was 4bbb324).
kumardotaman@kumardotaman-Latitude-E6430:~/edureka-GIT$ git branch -a
* master
kumardotaman@kumardotaman-Latitude-E6430:~/edureka-GIT$ git branch b1 master
kumardotaman@kumardotaman-Latitude-E6430:~/edureka-GIT$ git status 
On branch master
nothing to commit, working tree clean
kumardotaman@kumardotaman-Latitude-E6430:~/edureka-GIT$ vi sample.txt 
kumardotaman@kumardotaman-Latitude-E6430:~/edureka-GIT$ vi sample1.txt 
kumardotaman@kumardotaman-Latitude-E6430:~/edureka-GIT$ git checkout b1
M	sample.txt
M	sample1.txt
Switched to branch 'b1'
kumardotaman@kumardotaman-Latitude-E6430:~/edureka-GIT$ git status 
On branch b1
Changes not staged for commit:
  (use "git add <file>..." to update what will be committed)
  (use "git restore <file>..." to discard changes in working directory)
	modified:   sample.txt
	modified:   sample1.txt

no changes added to commit (use "git add" and/or "git commit -a")
kumardotaman@kumardotaman-Latitude-E6430:~/edureka-GIT$ git checkout master 
M	sample.txt
M	sample1.txt
Switched to branch 'master'
kumardotaman@kumardotaman-Latitude-E6430:~/edureka-GIT$ git status 
On branch master
Changes not staged for commit:
  (use "git add <file>..." to update what will be committed)
  (use "git restore <file>..." to discard changes in working directory)
	modified:   sample.txt
	modified:   sample1.txt

no changes added to commit (use "git add" and/or "git commit -a")
kumardotaman@kumardotaman-Latitude-E6430:~/edureka-GIT$ git checkout b1 
M	sample.txt
M	sample1.txt
Switched to branch 'b1'
kumardotaman@kumardotaman-Latitude-E6430:~/edureka-GIT$ git status 
On branch b1
Changes not staged for commit:
  (use "git add <file>..." to update what will be committed)
  (use "git restore <file>..." to discard changes in working directory)
	modified:   sample.txt
	modified:   sample1.txt

no changes added to commit (use "git add" and/or "git commit -a")
kumardotaman@kumardotaman-Latitude-E6430:~/edureka-GIT$ git checkout master 
M	sample.txt
M	sample1.txt
Switched to branch 'master'
kumardotaman@kumardotaman-Latitude-E6430:~/edureka-GIT$ git stash 
Saved working directory and index state WIP on master: 9af5610 resloving conflicts and merge file to master
kumardotaman@kumardotaman-Latitude-E6430:~/edureka-GIT$ git checkout b1 
Switched to branch 'b1'
kumardotaman@kumardotaman-Latitude-E6430:~/edureka-GIT$ git status 
On branch b1
nothing to commit, working tree clean
kumardotaman@kumardotaman-Latitude-E6430:~/edureka-GIT$ git checkout master 
Switched to branch 'master'
kumardotaman@kumardotaman-Latitude-E6430:~/edureka-GIT$ git stash list 
stash@{0}: WIP on master: 9af5610 resloving conflicts and merge file to master
kumardotaman@kumardotaman-Latitude-E6430:~/edureka-GIT$ git show stash@{0}
commit 8ded07d6a87423c2556fa778a3a1df17dc67de09 (refs/stash)
Merge: 9af5610 96a2d7c
Author: kumardotaman <kumardotaman@gmail.com>
Date:   Tue May 21 18:38:47 2024 +0530

    WIP on master: 9af5610 resloving conflicts and merge file to master

diff --cc sample.txt
index efbc80b,efbc80b..3eebba6
--- a/sample.txt
+++ b/sample.txt
@@@ -1,1 -1,1 +1,2 @@@
  this is my first file
++modify sample.txt
diff --cc sample1.txt
index 75a6555,75a6555..3f6ea60
--- a/sample1.txt
+++ b/sample1.txt
@@@ -1,1 -1,1 +1,2 @@@
  this is my second file
++modicy sample1.txt
kumardotaman@kumardotaman-Latitude-E6430:~/edureka-GIT$ git stash pop
On branch master
Changes not staged for commit:
  (use "git add <file>..." to update what will be committed)
  (use "git restore <file>..." to discard changes in working directory)
	modified:   sample.txt
	modified:   sample1.txt

no changes added to commit (use "git add" and/or "git commit -a")
Dropped refs/stash@{0} (8ded07d6a87423c2556fa778a3a1df17dc67de09)
kumardotaman@kumardotaman-Latitude-E6430:~/edureka-GIT$ git status
On branch master
Changes not staged for commit:
  (use "git add <file>..." to update what will be committed)
  (use "git restore <file>..." to discard changes in working directory)
	modified:   sample.txt
	modified:   sample1.txt

no changes added to commit (use "git add" and/or "git commit -a")
kumardotaman@kumardotaman-Latitude-E6430:~/edureka-GIT$ git stash -p
diff --git a/sample.txt b/sample.txt
index efbc80b..3eebba6 100644
--- a/sample.txt
+++ b/sample.txt
@@ -1 +1,2 @@
 this is my first file
+modify sample.txt
(1/1) Stash this hunk [y,n,q,a,d,e,?]? y

diff --git a/sample1.txt b/sample1.txt
index 75a6555..3f6ea60 100644
--- a/sample1.txt
+++ b/sample1.txt
@@ -1 +1,2 @@
 this is my second file
+modicy sample1.txt
(1/1) Stash this hunk [y,n,q,a,d,e,?]? n

Saved working directory and index state WIP on master: 9af5610 resloving conflicts and merge file to master
kumardotaman@kumardotaman-Latitude-E6430:~/edureka-GIT$ git status 
On branch master
Changes not staged for commit:
  (use "git add <file>..." to update what will be committed)
  (use "git restore <file>..." to discard changes in working directory)
	modified:   sample1.txt

no changes added to commit (use "git add" and/or "git commit -a")
kumardotaman@kumardotaman-Latitude-E6430:~/edureka-GIT$ git stash list 
stash@{0}: WIP on master: 9af5610 resloving conflicts and merge file to master
kumardotaman@kumardotaman-Latitude-E6430:~/edureka-GIT$ git show stash@{0}
commit 85073dea938b1016815e48e1e3e6d6133728dc52 (refs/stash)
Merge: 9af5610 cb60383
Author: kumardotaman <kumardotaman@gmail.com>
Date:   Tue May 21 18:48:26 2024 +0530

    WIP on master: 9af5610 resloving conflicts and merge file to master

diff --cc sample.txt
index efbc80b,efbc80b..3eebba6
--- a/sample.txt
+++ b/sample.txt
@@@ -1,1 -1,1 +1,2 @@@
  this is my first file
++modify sample.txt
kumardotaman@kumardotaman-Latitude-E6430:~/edureka-GIT$ how to do stashing?
Command 'how' not found, did you mean:
  command 'hoz' from deb hoz (1.65-3.1)
  command 'show' from deb mailutils-mh (1:3.16-1build1)
  command 'show' from deb mmh (0.4-6)
  command 'show' from deb nmh (1.8-1)
  command 'sow' from deb ruby-hoe (3.22.1+dfsg1-3)
  command 'hop' from deb hopenpgp-tools (0.23.7-1)
  command 'hot' from deb hopenpgp-tools (0.23.7-1)
  command 'cow' from deb fl-cow (0.6-7)
Try: sudo apt install <deb name>
kumardotaman@kumardotaman-Latitude-E6430:~/edureka-GIT$ fl-cow
fl-cow: command not found
kumardotaman@kumardotaman-Latitude-E6430:~/edureka-GIT$ git stash pop
On branch master
Changes not staged for commit:
  (use "git add <file>..." to update what will be committed)
  (use "git restore <file>..." to discard changes in working directory)
	modified:   sample.txt
	modified:   sample1.txt

no changes added to commit (use "git add" and/or "git commit -a")
Dropped refs/stash@{0} (85073dea938b1016815e48e1e3e6d6133728dc52)
kumardotaman@kumardotaman-Latitude-E6430:~/edureka-GIT$ git stash apply
No stash entries found.
kumardotaman@kumardotaman-Latitude-E6430:~/edureka-GIT$ git stash -p
diff --git a/sample.txt b/sample.txt
index efbc80b..3eebba6 100644
--- a/sample.txt
+++ b/sample.txt
@@ -1 +1,2 @@
 this is my first file
+modify sample.txt
(1/1) Stash this hunk [y,n,q,a,d,e,?]? y

diff --git a/sample1.txt b/sample1.txt
index 75a6555..3f6ea60 100644
--- a/sample1.txt
+++ b/sample1.txt
@@ -1 +1,2 @@
 this is my second file
+modicy sample1.txt
(1/1) Stash this hunk [y,n,q,a,d,e,?]? y

Saved working directory and index state WIP on master: 9af5610 resloving conflicts and merge file to master
kumardotaman@kumardotaman-Latitude-E6430:~/edureka-GIT$ git stash drop 
Dropped refs/stash@{0} (c2c6be7150ad2cac318634022d113ac64a4fe84c)
kumardotaman@kumardotaman-Latitude-E6430:~/edureka-GIT$ git stash drop 9af5610
error: '9af5610' is not a stash reference
kumardotaman@kumardotaman-Latitude-E6430:~/edureka-GIT$ cd ~
kumardotaman@kumardotaman-Latitude-E6430:~$ ls
demo  Desktop  Documents  Downloads  edureka-GIT  git-demo  Music  Pictures  Public  snap  Templates  Videos
kumardotaman@kumardotaman-Latitude-E6430:~$ cd de 
bash: cd: de: No such file or directory
kumardotaman@kumardotaman-Latitude-E6430:~$ cd demo/
kumardotaman@kumardotaman-Latitude-E6430:~/demo$ ls
demo.java
kumardotaman@kumardotaman-Latitude-E6430:~/demo$ cd ~
kumardotaman@kumardotaman-Latitude-E6430:~$ ls
demo  Desktop  Documents  Downloads  edureka-GIT  git-demo  Music  Pictures  Public  snap  Templates  Videos
kumardotaman@kumardotaman-Latitude-E6430:~$ cd edureka-GIT/
kumardotaman@kumardotaman-Latitude-E6430:~/edureka-GIT$ ls
edureka-files  example.txt  sample1.txt  sample3.txt  sample.txt
kumardotaman@kumardotaman-Latitude-E6430:~/edureka-GIT$ cd ~
kumardotaman@kumardotaman-Latitude-E6430:~$ 
